// Jest Snapshot v1, https://goo.gl/fbAQLP

exports[`FadeDown FadeDown laster inn og kan vises 1`] = `
<div>
  <div
    style="opacity: 0; transform: translateY(-50px) translateZ(0);"
  >
    FadeDown
  </div>
</div>
`;
