// Jest Snapshot v1, https://goo.gl/fbAQLP

exports[`Hamburger Hamburger laster inn og kan vises 1`] = `undefined`;
