// Jest Snapshot v1, https://goo.gl/fbAQLP

exports[`Forside Forside laster inn og kan vises 1`] = `undefined`;

exports[`Forside Om Meg eksisterer 1`] = `undefined`;
