// Jest Snapshot v1, https://goo.gl/fbAQLP

exports[`Button Button laster inn og kan vises 1`] = `
<div>
  <button
    class="p-4 m-4 text-white transition duration-500 ease-in-out bg-gray-800 rounded hover:shadow-outline hover:bg-gray-600"
    type="submit"
  >
    Button
  </button>
</div>
`;
